[GIN-debug] [WARNING] Creating an Engine instance with the Logger and Recovery middleware already attached.

[GIN-debug] [WARNING] Running in "debug" mode. Switch to "release" mode in production.
 - using env:	export GIN_MODE=release
 - using code:	gin.SetMode(gin.ReleaseMode)

[GIN-debug] GET    /static/*filepath         --> github.com/gin-gonic/gin.(*RouterGroup).createStaticHandler.func1 (4 handlers)
2025/06/08 13:41:45 Match service started
[GIN-debug] HEAD   /static/*filepath         --> github.com/gin-gonic/gin.(*RouterGroup).createStaticHandler.func1 (4 handlers)
[GIN-debug] GET    /                         --> go-saber-system/internal/api.(*Server).setupRoutes.(*RouterGroup).StaticFile.func3 (4 handlers)
[GIN-debug] HEAD   /                         --> go-saber-system/internal/api.(*Server).setupRoutes.(*RouterGroup).StaticFile.func3 (4 handlers)
[GIN-debug] GET    /favicon.ico              --> go-saber-system/internal/api.(*Server).setupRoutes.(*RouterGroup).StaticFile.func4 (4 handlers)
[GIN-debug] HEAD   /favicon.ico              --> go-saber-system/internal/api.(*Server).setupRoutes.(*RouterGroup).StaticFile.func4 (4 handlers)
[GIN-debug] GET    /health                   --> go-saber-system/internal/api.(*Server).setupRoutes.func2 (4 handlers)
[GIN-debug] GET    /ws                       --> go-saber-system/internal/api.(*WebSocketHandler).HandleWebSocket-fm (4 handlers)
[GIN-debug] POST   /api/v1/users/register    --> go-saber-system/internal/api.(*Server).handleRegister-fm (4 handlers)
[GIN-debug] POST   /api/v1/users/login       --> go-saber-system/internal/api.(*Server).handleLogin-fm (4 handlers)
[GIN-debug] GET    /api/v1/users/profile/:id --> go-saber-system/internal/api.(*Server).handleGetProfile-fm (4 handlers)
[GIN-debug] GET    /api/v1/users/leaderboard --> go-saber-system/internal/api.(*Server).handleGetLeaderboard-fm (4 handlers)
[GIN-debug] POST   /api/v1/match/join        --> go-saber-system/internal/api.(*Server).handleJoinMatch-fm (4 handlers)
[GIN-debug] DELETE /api/v1/match/leave       --> go-saber-system/internal/api.(*Server).handleLeaveMatch-fm (4 handlers)
[GIN-debug] GET    /api/v1/match/status      --> go-saber-system/internal/api.(*Server).handleGetMatchStatus-fm (4 handlers)
[GIN-debug] GET    /api/v1/battle/:id        --> go-saber-system/internal/api.(*Server).handleGetBattle-fm (4 handlers)
[GIN-debug] POST   /api/v1/battle/:id/join   --> go-saber-system/internal/api.(*Server).handleJoinBattle-fm (4 handlers)
[GIN-debug] POST   /api/v1/battle/:id/submit --> go-saber-system/internal/api.(*Server).handleSubmitCode-fm (4 handlers)
[GIN-debug] GET    /api/v1/problems          --> go-saber-system/internal/api.(*Server).handleListProblems-fm (4 handlers)
[GIN-debug] GET    /api/v1/problems/:id      --> go-saber-system/internal/api.(*Server).handleGetProblem-fm (4 handlers)
[GIN-debug] POST   /api/v1/problems          --> go-saber-system/internal/api.(*Server).handleCreateProblem-fm (4 handlers)
[GIN-debug] POST   /api/v1/judge/check       --> go-saber-system/internal/api.(*Server).handleCheckSyntax-fm (4 handlers)
[GIN-debug] GET    /api/v1/judge/languages   --> go-saber-system/internal/api.(*Server).handleGetLanguages-fm (4 handlers)
2025/06/08 13:41:45 Server starting on port 8080
[GIN-debug] [WARNING] You trusted all proxies, this is NOT safe. We recommend you to set a value.
Please check https://pkg.go.dev/github.com/gin-gonic/gin#readme-don-t-trust-all-proxies for details.
[GIN-debug] Listening and serving HTTP on :8080
2025/06/08 13:41:45 User 2 connected via WebSocket
2025/06/08 13:41:45 User 1 connected via WebSocket
2025/06/08 13:41:46 WebSocket error: websocket: close 1005 (no status)
[GIN] 2025/06/08 - 13:41:46 | 200 |  440.297932ms |             ::1 | GET      "/ws?user_id=2"
2025/06/08 13:41:46 User 2 connected via WebSocket
2025/06/08 13:41:48 WebSocket error: websocket: close 1005 (no status)
[GIN] 2025/06/08 - 13:41:48 | 200 |  2.434085624s |             ::1 | GET      "/ws?user_id=1"
2025/06/08 13:41:48 User 1 connected via WebSocket
2025/06/08 13:41:50 WebSocket error: websocket: close 1005 (no status)
[GIN] 2025/06/08 - 13:41:50 | 200 |  4.000906316s |             ::1 | GET      "/ws?user_id=2"
2025/06/08 13:41:50 User 2 connected via WebSocket
2025/06/08 13:41:52 WebSocket error: websocket: close 1005 (no status)
[GIN] 2025/06/08 - 13:41:52 | 200 |  3.981691004s |             ::1 | GET      "/ws?user_id=1"
2025/06/08 13:41:52 User 1 connected via WebSocket
2025/06/08 13:41:54 WebSocket error: websocket: close 1005 (no status)
[GIN] 2025/06/08 - 13:41:54 | 200 |  3.993778711s |             ::1 | GET      "/ws?user_id=2"
2025/06/08 13:41:54 User 2 connected via WebSocket
2025/06/08 13:41:56 WebSocket error: websocket: close 1005 (no status)
[GIN] 2025/06/08 - 13:41:56 | 200 |  3.995572009s |             ::1 | GET      "/ws?user_id=1"
2025/06/08 13:41:56 User 1 connected via WebSocket
2025/06/08 13:41:58 WebSocket error: websocket: close 1005 (no status)
[GIN] 2025/06/08 - 13:41:58 | 200 |  3.993832556s |             ::1 | GET      "/ws?user_id=2"
2025/06/08 13:41:58 User 2 connected via WebSocket
2025/06/08 13:42:00 WebSocket error: websocket: close 1005 (no status)
[GIN] 2025/06/08 - 13:42:00 | 200 |  4.006018208s |             ::1 | GET      "/ws?user_id=1"
2025/06/08 13:42:00 User 1 connected via WebSocket
2025/06/08 13:42:02 WebSocket error: websocket: close 1005 (no status)
[GIN] 2025/06/08 - 13:42:02 | 200 |   3.99843111s |             ::1 | GET      "/ws?user_id=2"
2025/06/08 13:42:02 User 2 connected via WebSocket
2025/06/08 13:42:04 WebSocket error: websocket: close 1005 (no status)
[GIN] 2025/06/08 - 13:42:04 | 200 |  3.990678154s |             ::1 | GET      "/ws?user_id=1"
2025/06/08 13:42:04 User 1 connected via WebSocket
2025/06/08 13:42:06 WebSocket error: websocket: close 1005 (no status)
[GIN] 2025/06/08 - 13:42:06 | 200 |  3.987631736s |             ::1 | GET      "/ws?user_id=2"
2025/06/08 13:42:06 User 2 connected via WebSocket
2025/06/08 13:42:08 WebSocket error: websocket: close 1005 (no status)
[GIN] 2025/06/08 - 13:42:08 | 200 |  3.995585186s |             ::1 | GET      "/ws?user_id=1"
2025/06/08 13:42:08 User 1 connected via WebSocket
2025/06/08 13:42:10 WebSocket error: websocket: close 1005 (no status)
[GIN] 2025/06/08 - 13:42:10 | 200 |  3.989720869s |             ::1 | GET      "/ws?user_id=2"
2025/06/08 13:42:10 User 2 connected via WebSocket
2025/06/08 13:42:12 WebSocket error: websocket: close 1005 (no status)
[GIN] 2025/06/08 - 13:42:12 | 200 |  3.993705849s |             ::1 | GET      "/ws?user_id=1"
2025/06/08 13:42:12 User 1 connected via WebSocket
2025/06/08 13:42:14 WebSocket error: websocket: close 1005 (no status)
[GIN] 2025/06/08 - 13:42:14 | 200 |  3.991829006s |             ::1 | GET      "/ws?user_id=2"
2025/06/08 13:42:14 User 2 connected via WebSocket
2025/06/08 13:42:16 WebSocket error: websocket: close 1005 (no status)
[GIN] 2025/06/08 - 13:42:16 | 200 |  3.987173773s |             ::1 | GET      "/ws?user_id=1"
2025/06/08 13:42:16 User 1 connected via WebSocket
2025/06/08 13:42:18 WebSocket error: websocket: close 1005 (no status)
[GIN] 2025/06/08 - 13:42:18 | 200 |  3.987735987s |             ::1 | GET      "/ws?user_id=2"
2025/06/08 13:42:18 User 2 connected via WebSocket
2025/06/08 13:42:20 WebSocket error: websocket: close 1005 (no status)
[GIN] 2025/06/08 - 13:42:20 | 200 |  3.984887333s |             ::1 | GET      "/ws?user_id=1"
2025/06/08 13:42:20 User 1 connected via WebSocket
[GIN] 2025/06/08 - 13:42:21 | 200 |      42.397µs |       127.0.0.1 | GET      "/health"
[GIN] 2025/06/08 - 13:42:21 | 200 |    3.426216ms |       127.0.0.1 | GET      "/static/app.js"
2025/06/08 13:42:22 WebSocket error: websocket: close 1005 (no status)
[GIN] 2025/06/08 - 13:42:22 | 200 |  4.004394186s |             ::1 | GET      "/ws?user_id=2"
2025/06/08 13:42:22 User 2 connected via WebSocket
2025/06/08 13:42:24 WebSocket error: websocket: close 1005 (no status)
[GIN] 2025/06/08 - 13:42:24 | 200 |   4.00676828s |             ::1 | GET      "/ws?user_id=1"
2025/06/08 13:42:24 User 1 connected via WebSocket
2025/06/08 13:42:26 WebSocket error: websocket: close 1005 (no status)
[GIN] 2025/06/08 - 13:42:26 | 200 |  3.988107353s |             ::1 | GET      "/ws?user_id=2"
2025/06/08 13:42:26 User 2 connected via WebSocket
2025/06/08 13:42:28 WebSocket error: websocket: close 1005 (no status)
[GIN] 2025/06/08 - 13:42:28 | 200 |  3.992910103s |             ::1 | GET      "/ws?user_id=1"
2025/06/08 13:42:28 User 1 connected via WebSocket
2025/06/08 13:42:30 WebSocket error: websocket: close 1005 (no status)
[GIN] 2025/06/08 - 13:42:30 | 200 |  3.985319651s |             ::1 | GET      "/ws?user_id=2"
2025/06/08 13:42:30 User 2 connected via WebSocket
2025/06/08 13:42:32 WebSocket error: websocket: close 1005 (no status)
[GIN] 2025/06/08 - 13:42:32 | 200 |   3.98115024s |             ::1 | GET      "/ws?user_id=1"
2025/06/08 13:42:32 User 1 connected via WebSocket
panic: concurrent write to websocket connection

goroutine 119 [running]:
github.com/gorilla/websocket.(*messageWriter).flushFrame(0xc00063efc0, 0x1, {0x0?, 0xc0004a0200?, 0xc00057eda0?})
	/home/syh/study/go/pkg/mod/github.com/gorilla/websocket@v1.5.3/conn.go:617 +0x4b8
github.com/gorilla/websocket.(*messageWriter).Close(0xc00057ee10?)
	/home/syh/study/go/pkg/mod/github.com/gorilla/websocket@v1.5.3/conn.go:731 +0x35
github.com/gorilla/websocket.(*Conn).WriteJSON(0x97c840?, {0x97c840, 0xc0001eea40})
	/home/syh/study/go/pkg/mod/github.com/gorilla/websocket@v1.5.3/json.go:29 +0xd6
go-saber-system/internal/api.(*WebSocketHandler).sendToClient(0xc000650000, 0x1, {{0xa196ce, 0xd}, {0x94d580, 0xc00063ef90}})
	/home/syh/study/projects/github.com/GGboya/go-saber-system/internal/api/websocket.go:114 +0x107
go-saber-system/internal/api.(*WebSocketHandler).checkUserStatus(0xc000650000, 0x1)
	/home/syh/study/projects/github.com/GGboya/go-saber-system/internal/api/websocket.go:232 +0xe8
go-saber-system/internal/api.(*WebSocketHandler).listenForNotifications(0xc000650000, 0x1)
	/home/syh/study/projects/github.com/GGboya/go-saber-system/internal/api/websocket.go:217 +0x78
created by go-saber-system/internal/api.(*WebSocketHandler).HandleWebSocket in goroutine 118
	/home/syh/study/projects/github.com/GGboya/go-saber-system/internal/api/websocket.go:76 +0x34e
exit status 2
